// Jest Snapshot v1, https://goo.gl/fbAQLP

exports[` 1`] = `
ShallowWrapper {
  Symbol(enzyme.__root__): [Circular],
  Symbol(enzyme.__unrendered__): <Map
    location={
      Object {
        "data": Object {
          "bairro": "",
          "cep": "",
          "coordinates": Object {
            "lat": -14.7234029,
            "lng": -51.4575307,
          },
          "localidade": "",
          "logradouro": "",
          "marker": false,
          "uf": "",
          "zoom": 4,
        },
        "error": false,
        "loaded": false,
        "loading": false,
      }
    }
  />,
  Symbol(enzyme.__renderer__): Object {
    "batchedUpdates": [Function],
    "checkPropTypes": [Function],
    "getNode": [Function],
    "render": [Function],
    "simulateError": [Function],
    "simulateEvent": [Function],
    "unmount": [Function],
  },
  Symbol(enzyme.__node__): Object {
    "instance": null,
    "key": undefined,
    "nodeType": "host",
    "props": Object {
      "children": <GoogleMap
        bootstrapURLKeys={
          Object {
            "key": "AIzaSyD2WqEZVC_PPsnICgtGQ5PPEsp07ooyISE",
          }
        }
        center={
          Object {
            "lat": -14.7234029,
            "lng": -51.4575307,
          }
        }
        debounced={true}
        distanceToMouse={[Function]}
        googleMapLoader={[Function]}
        heatmap={Object {}}
        heatmapLibrary={false}
        hoverDistance={30}
        layerTypes={Array []}
        options={[Function]}
        style={
          Object {
            "height": "100%",
            "margin": 0,
            "padding": 0,
            "position": "relative",
            "width": "100%",
          }
        }
        yesIWantToUseGoogleMapApiInternals={false}
        zoom={4}
      />,
      "className": "googlemaps",
    },
    "ref": null,
    "rendered": Object {
      "instance": null,
      "key": undefined,
      "nodeType": "class",
      "props": Object {
        "bootstrapURLKeys": Object {
          "key": "AIzaSyD2WqEZVC_PPsnICgtGQ5PPEsp07ooyISE",
        },
        "center": Object {
          "lat": -14.7234029,
          "lng": -51.4575307,
        },
        "children": null,
        "debounced": true,
        "distanceToMouse": [Function],
        "googleMapLoader": [Function],
        "heatmap": Object {},
        "heatmapLibrary": false,
        "hoverDistance": 30,
        "layerTypes": Array [],
        "options": [Function],
        "style": Object {
          "height": "100%",
          "margin": 0,
          "padding": 0,
          "position": "relative",
          "width": "100%",
        },
        "yesIWantToUseGoogleMapApiInternals": false,
        "zoom": 4,
      },
      "ref": null,
      "rendered": null,
      "type": [Function],
    },
    "type": "div",
  },
  Symbol(enzyme.__nodes__): Array [
    Object {
      "instance": null,
      "key": undefined,
      "nodeType": "host",
      "props": Object {
        "children": <GoogleMap
          bootstrapURLKeys={
            Object {
              "key": "AIzaSyD2WqEZVC_PPsnICgtGQ5PPEsp07ooyISE",
            }
          }
          center={
            Object {
              "lat": -14.7234029,
              "lng": -51.4575307,
            }
          }
          debounced={true}
          distanceToMouse={[Function]}
          googleMapLoader={[Function]}
          heatmap={Object {}}
          heatmapLibrary={false}
          hoverDistance={30}
          layerTypes={Array []}
          options={[Function]}
          style={
            Object {
              "height": "100%",
              "margin": 0,
              "padding": 0,
              "position": "relative",
              "width": "100%",
            }
          }
          yesIWantToUseGoogleMapApiInternals={false}
          zoom={4}
        />,
        "className": "googlemaps",
      },
      "ref": null,
      "rendered": Object {
        "instance": null,
        "key": undefined,
        "nodeType": "class",
        "props": Object {
          "bootstrapURLKeys": Object {
            "key": "AIzaSyD2WqEZVC_PPsnICgtGQ5PPEsp07ooyISE",
          },
          "center": Object {
            "lat": -14.7234029,
            "lng": -51.4575307,
          },
          "children": null,
          "debounced": true,
          "distanceToMouse": [Function],
          "googleMapLoader": [Function],
          "heatmap": Object {},
          "heatmapLibrary": false,
          "hoverDistance": 30,
          "layerTypes": Array [],
          "options": [Function],
          "style": Object {
            "height": "100%",
            "margin": 0,
            "padding": 0,
            "position": "relative",
            "width": "100%",
          },
          "yesIWantToUseGoogleMapApiInternals": false,
          "zoom": 4,
        },
        "ref": null,
        "rendered": null,
        "type": [Function],
      },
      "type": "div",
    },
  ],
  Symbol(enzyme.__options__): Object {
    "adapter": ReactSixteenAdapter {
      "options": Object {
        "enableComponentDidUpdateOnSetState": true,
        "legacyContextMode": "parent",
        "lifecycles": Object {
          "componentDidUpdate": Object {
            "onSetState": true,
          },
          "getChildContext": Object {
            "calledByRenderer": false,
          },
          "getDerivedStateFromProps": true,
          "getSnapshotBeforeUpdate": true,
          "setState": Object {
            "skipsComponentDidUpdateOnNullish": true,
          },
        },
      },
    },
  },
}
`;
